Microsoft (R) Macro Assembler Version 6.11		    05/15/21 08:14:16
tempfile.asm						     Page 1 - 1


 0000				DATAS SEGMENT
				    ;此处输入数据段代码  
 0000 64 00			    buf1 db 100,?,100 dup(?)		;缓冲区，首位是最大个数，次位自动获得输入的字符个数，后面是缓冲区
       0064 [
        00
       ]
 0066 64 00			    buf2 db 100,?,100 dup(?)
       0064 [
        00
       ]
 00CC  0064 [			    filename db 100 dup(?)	;文件名
        00
       ]
 0130 41 2E 74 78 74		    filename2 db 'A.txt'	;文件名	
 0135 0000			    f dw ?	;存放文件代号
 0137				DATAS ENDS

 0000				STACKS SEGMENT
				    ;此处输入堆栈段代码
 0000				STACKS ENDS

 0000				CODES SEGMENT
				    ASSUME CS:CODES,DS:DATAS,SS:STACKS
 0000				START:
 0000  B8 ---- R		    MOV AX,DATAS
 0003  8E D8			    MOV DS,AX
				    ;此处输入代码段代码
				    
				;----------输入文件名----------
				;	lea dx,buf1	;有效地址传送
				;    mov ah,0ah	;21中断中的ah号功能：键盘输入到缓冲区
				;    int 21h
				    
				;----------文件名赋值----------
				;    lea si,buf1+2
				;    lea di,filename
				;    cld
				;    mov cx,10
				;    rep movsb

				;	lea dx,filename
				;	mov cx,BUF1+1	;次数
				;	lea si,BUF1+2	;地址
				;next:  
				;	mov dl,[si]
				;	mov ah,2
				;	int 21h
				;	inc si
				;	loop next
					
				;----------书上的例子也还是不行----------	
				;	mov dx,offset buf2
				;	mov ah,10
				;	int 21h
				;	lea si,buf2+2
				;	lea di,filename
				;	mov ch,0
				;	mov cl,buf2+1
				;	rep movsb
				    
				;----------做个换行----------
				;    mov ah, 02h
				;    mov dl,0ah 
				;	int 21h
				    
 0005  BE 000A			    mov SI,10
				;----------创建P1.txt文件,在Masm/bin----------   
 0008  B9 0000			    mov cx,00		;CX=文件属性
 000B  8D 16 0130 R			lea dx,filename2	;有效地址传
 000F  B4 3C			    mov ah,3ch		;21h中断的3ch功能：建立文件。成功：AX=文件代号，错误：AX=错误码送
 0011  CD 21			    int 21h
 0013  A3 0135 R		    mov f,ax		;存放新建的文件代号给f
				    
				;----------键盘输入字符串到文件----------
 0016  8D 16 0066 R		    lea dx,buf2		;有效地址传送
 001A  B4 0A			    mov ah,0ah		;21中断中的ah号功能：键盘输入到缓冲区
 001C  CD 21			    int 21h
				    
				 ;   xor ch,ch		;ch置零
 001E  8A 0E 0067 R		    mov cl,[buf2+1]	;CX=写入的字节数。在输入完成后，[buf+1]自动获得输入的字符个数
 0022  8D 16 0068 R		    lea dx,buf2	+2	;DS:DX=数据缓冲区地址，从这里开始键盘输入缓存
 0026  8B 1E 0135 R		    mov bx,f		;BX=文件代号
 002A  B4 40			    mov ah,40h		;21中断中的40h号功能：写文件或设备
 002C  CD 21			    int 21h
				      
				;----------关文件----------
 002E  8B 1E 0135 R			mov bx,f		;BX=文件代号
 0032  B4 3E				mov ah,3eh		;21中断中的3eh号功能：关闭文件
 0034  CD 21				int 21h
					
 0036  B4 4C			    MOV AH,4CH
 0038  CD 21			    INT 21H

 003A				CODES ENDS
				    END START








Microsoft (R) Macro Assembler Version 6.11		    05/15/21 08:14:16
tempfile.asm						     Symbols 2 - 1




Segments and Groups:

                N a m e                 Size     Length   Align   Combine Class

CODES  . . . . . . . . . . . . .	16 Bit	 003A	  Para	  Private 
DATAS  . . . . . . . . . . . . .	16 Bit	 0137	  Para	  Private 
STACKS . . . . . . . . . . . . .	16 Bit	 0000	  Para	  Private 


Symbols:

                N a m e                 Type     Value    Attr

START  . . . . . . . . . . . . .	L Near	 0000	  CODES	
buf1 . . . . . . . . . . . . . .	Byte	 0000	  DATAS	
buf2 . . . . . . . . . . . . . .	Byte	 0066	  DATAS	
filename2  . . . . . . . . . . .	Byte	 0130	  DATAS	
filename . . . . . . . . . . . .	Byte	 00CC	  DATAS	
f  . . . . . . . . . . . . . . .	Word	 0135	  DATAS	

	   0 Warnings
	   0 Errors
